---
source: src/rules/remove_continue.rs
expression: rule
---
"remove_continue"
